File write test successful!
