Traceback (most recent call last):
  File "D:\Paksa Financial System\backend\simple_test.py", line 59, in <module>
    main()
    ~~~~^^
  File "D:\Paksa Financial System\backend\simple_test.py", line 13, in main
    print("\U0001f50d Starting simple test...")
    ~~~~~^^^^^^^^^^^^^^^^^^^^^^^^^^^^^^
  File "C:\Users\chzaf\AppData\Local\Programs\Python\Python313\Lib\encodings\cp1252.py", line 19, in encode
    return codecs.charmap_encode(input,self.errors,encoding_table)[0]
           ~~~~~~~~~~~~~~~~~~~~~^^^^^^^^^^^^^^^^^^^^^^^^^^^^^^^^^^
UnicodeEncodeError: 'charmap' codec can't encode character '\U0001f50d' in position 0: character maps to <undefined>
